[Files]
%INSTPATH%\AXSCPHST.DLL
%INSTPATH%\DISTRIB.EXE
%INSTPATH%\DTSFFILE.DLL
%INSTPATH%\DTSPKG.DLL
%INSTPATH%\DTSPUMP.DLL
%INSTPATH%\DTSUI.DLL
%INSTPATH%\LOGREAD.EXE
%INSTPATH%\REPLAGNT.DLL
%INSTPATH%\REPLDIST.DLL
%INSTPATH%\REPLDP.DLL
%INSTPATH%\REPLMERG.EXE
%INSTPATH%\RESOURCES
%INSTPATH%\SEMCOMN.DLL
%INSTPATH%\SFC.DLL
%INSTPATH%\SNAPSHOT.EXE
%INSTPATH%\SPRESOLV.DLL
%INSTPATH%\SQLDMO.DLL
%INSTPATH%\SQLGUI.DLL
%INSTPATH%\SQLMMC.DLL
%INSTPATH%\SQLNS.DLL
%INSTPATH%\SQLREPSS.DLL
%INSTPATH%\SQLRESLD.DLL
%INSTPATH%\SQLSVC.DLL
%INSTPATH%\SQLVDI.DLL
%INSTPATH%\SQLWID.DLL
%INSTPATH%\W95SCM.DLL
%INSTPATH%\RESOURCES\1033\AXSCPHST.RLL
%INSTPATH%\RESOURCES\1033\DTSFFILE.RLL
%INSTPATH%\RESOURCES\1033\DTSPKG.RLL
%INSTPATH%\RESOURCES\1033\DTSPUMP.RLL
%INSTPATH%\RESOURCES\1033\DTSUI.RLL
%INSTPATH%\RESOURCES\1033\SEMCOMN.RLL
%INSTPATH%\RESOURCES\1033\SFC.RLL
%INSTPATH%\RESOURCES\1033\SQLDMO.RLL
%INSTPATH%\RESOURCES\1033\SQLGUI.RLL
%INSTPATH%\RESOURCES\1033\SQLMMC.RLL
%INSTPATH%\RESOURCES\1033\SQLNS.RLL
%INSTPATH%\RESOURCES\1033\SQLSVC.RLL
%INSTPATH%\RESOURCES\1033
