[Files]
%INSTPATH%\sqlsun.dll
%INSTPATH%\sqlsunin.ini
%INSTPATH%\Uninst.isu
%INSTPATH%\Binn\ce_sprxy.dll
%INSTPATH%\Binn\cnfgsvr.exe
%INSTPATH%\Binn\cnfgsvr.ini
%INSTPATH%\Binn\comnevnt.dll
%INSTPATH%\Binn\console.exe
%INSTPATH%\Binn\mssdi98.dll
%INSTPATH%\Binn\mssql.mib
%INSTPATH%\Binn\mssql7.rbk
%INSTPATH%\Binn\mssql7ct.rbk
%INSTPATH%\Binn\mssql7ea.rbk
%INSTPATH%\Binn\mssql7es.rbk
%INSTPATH%\Binn\mssql7p.rbk
%INSTPATH%\Binn\nsqlprep.exe
%INSTPATH%\Binn\odsole70.dll
%INSTPATH%\Binn\opends60.dll
%INSTPATH%\Binn\opends60.pdb
%INSTPATH%\Binn\rebuildm.exe
%INSTPATH%\Binn\regrebld.exe
%INSTPATH%\Binn\replupd.exe
%INSTPATH%\Binn\Resources
%INSTPATH%\Binn\schema.txt
%INSTPATH%\Binn\semmap.dll
%INSTPATH%\Binn\semnt.dll
%INSTPATH%\Binn\sqlagent.dll
%INSTPATH%\Binn\sqlagent.exe
%INSTPATH%\Binn\sqlaiw32.dll
%INSTPATH%\Binn\sqlakw32.dll
%INSTPATH%\Binn\sqlatxss.dll
%INSTPATH%\Binn\sqlboot.dll
%INSTPATH%\Binn\sqlcmdss.dll
%INSTPATH%\Binn\sqldiag.exe
%INSTPATH%\Binn\sqlfthndlr.dll
%INSTPATH%\Binn\sqlftqry.dll
%INSTPATH%\Binn\sqlftwiz.dll
%INSTPATH%\Binn\sqlftwiz.exe
%INSTPATH%\Binn\sqlimage.dll
%INSTPATH%\Binn\sqlmaint.exe
%INSTPATH%\Binn\sqlmangr.exe
%INSTPATH%\Binn\sqlrepss.dll
%INSTPATH%\Binn\sqlresld.dll
%INSTPATH%\Binn\sqlrgstr.dll
%INSTPATH%\Binn\sqlservr.exe
%INSTPATH%\Binn\sqlservr.pdb
%INSTPATH%\Binn\sqlsetup.cnt
%INSTPATH%\Binn\sqlsetup.hlp
%INSTPATH%\Binn\sqlsnmp.dll
%INSTPATH%\Binn\sqlsui.dll
%INSTPATH%\Binn\sqlsvc.dll
%INSTPATH%\Binn\sqlxmem.dll
%INSTPATH%\Binn\ssmsad70.dll
%INSTPATH%\Binn\ssmsrp70.dll
%INSTPATH%\Binn\ssmsso70.dll
%INSTPATH%\Binn\ssmssp70.dll
%INSTPATH%\Binn\ssmsvi70.dll
%INSTPATH%\Binn\ssnmpn70.dll
%INSTPATH%\Binn\textcopy.exe
%INSTPATH%\Binn\ums.dll
%INSTPATH%\Binn\ums.pdb
%INSTPATH%\Binn\vswitch.exe
%INSTPATH%\Binn\w95scm.dll
%INSTPATH%\Binn\xplog70.dll
%INSTPATH%\Binn\xprepl.dll
%INSTPATH%\Binn\xpsql70.dll
%INSTPATH%\Binn\xpsqlbot.dll
%INSTPATH%\Binn\xpstar.dll
%INSTPATH%\Binn\xpweb70.dll
%INSTPATH%\Binn\Resources\1033
%INSTPATH%\Binn\Resources\1033\semmap.rll
%INSTPATH%\Binn\Resources\1033\semnt.rll
%INSTPATH%\Binn\Resources\1033\sqlsvc.rll
%INSTPATH%\Install\5lakes.gif
%INSTPATH%\Install\5lakes.txt
%INSTPATH%\Install\algodata.gif
%INSTPATH%\Install\algodata.txt
%INSTPATH%\Install\ansiview.sql
%INSTPATH%\Install\binnet.gif
%INSTPATH%\Install\binnet.txt
%INSTPATH%\Install\cnfgsvr.out
%INSTPATH%\Install\dropall.sql
%INSTPATH%\Install\gggg.gif
%INSTPATH%\Install\gggg.txt
%INSTPATH%\Install\instcat.sql
%INSTPATH%\Install\instdist.sql
%INSTPATH%\Install\instlang.sql
%INSTPATH%\Install\instmsdb.sql
%INSTPATH%\Install\instnwnd.sql
%INSTPATH%\Install\instpubs.sql
%INSTPATH%\Install\lucerne.gif
%INSTPATH%\Install\lucerne.txt
%INSTPATH%\Install\messages.sql
%INSTPATH%\Install\msgwork.sql
%INSTPATH%\Install\newmoon.gif
%INSTPATH%\Install\newmoon.txt
%INSTPATH%\Install\odsole.sql
%INSTPATH%\Install\oledbsch.sql
%INSTPATH%\Install\procsyst.sql
%INSTPATH%\Install\pubimage.bat
%INSTPATH%\Install\pubtext.bat
%INSTPATH%\Install\ramona.gif
%INSTPATH%\Install\ramona.txt
%INSTPATH%\Install\readme.txt
%INSTPATH%\Install\replcom.sql
%INSTPATH%\Install\replmerg.sql
%INSTPATH%\Install\replp70.sql
%INSTPATH%\Install\replsys.sql
%INSTPATH%\Install\repltran.sql
%INSTPATH%\Install\scootney.gif
%INSTPATH%\Install\scootney.txt
%INSTPATH%\Install\servmsgs.sql
%INSTPATH%\Install\setup.iss
%INSTPATH%\Install\sqlcommn.loc
%INSTPATH%\Install\sqldmo.sql
%INSTPATH%\Install\sqltrace.sql
%INSTPATH%\Install\upgrade.sql
%INSTPATH%\Install\upgrade1.sql
%INSTPATH%\Install\u_tables.sql
%INSTPATH%\Install\web.sql
%INSTPATH%\Install\xpsqlbot.sql
%INSTPATH%\Install\xpstar.sql
%INSTPATH%\Install
%INSTPATH%\Upgrade\bakdevs.exe
%INSTPATH%\Upgrade\check65.exe
%INSTPATH%\Upgrade\cngdbo.sql
%INSTPATH%\Upgrade\cnv6x70.dll
%INSTPATH%\Upgrade\cnvimp.exe
%INSTPATH%\Upgrade\cnvpipe.exe
%INSTPATH%\Upgrade\cnvrem.dll
%INSTPATH%\Upgrade\cnvsvc.exe
%INSTPATH%\Upgrade\convg160.sql
%INSTPATH%\Upgrade\convgen1.sql
%INSTPATH%\Upgrade\convgen2.sql
%INSTPATH%\Upgrade\dbcheck.dat
%INSTPATH%\Upgrade\dbcheck.exe
%INSTPATH%\Upgrade\dbcheck.sql
%INSTPATH%\Upgrade\execstmt.exe
%INSTPATH%\Upgrade\export.exe
%INSTPATH%\Upgrade\exptapes.exe
%INSTPATH%\Upgrade\hotfix.sql
%INSTPATH%\Upgrade\imptapes.exe
%INSTPATH%\Upgrade\layout.exe
%INSTPATH%\Upgrade\login1.sql
%INSTPATH%\Upgrade\login2.sql
%INSTPATH%\Upgrade\logininf.fmt
%INSTPATH%\Upgrade\loginsid.exe
%INSTPATH%\Upgrade\modify.dat
%INSTPATH%\Upgrade\modify.exe
%INSTPATH%\Upgrade\msdb6out.sql
%INSTPATH%\Upgrade\msdb6to7.sql
%INSTPATH%\Upgrade\pre60to7.sql
%INSTPATH%\Upgrade\pre65to7.sql
%INSTPATH%\Upgrade\report.sql
%INSTPATH%\Upgrade\repsetup.sql
%INSTPATH%\Upgrade\scptxfr.exe
%INSTPATH%\Upgrade\scriptin.exe
%INSTPATH%\Upgrade\sservice.exe
%INSTPATH%\Upgrade\upgrade.cnt
%INSTPATH%\Upgrade\upgrade.exe
%INSTPATH%\Upgrade\upgrade.hlp
%INSTPATH%\Upgrade\upgres.dll
%INSTPATH%\Upgrade
%INSTPATH%\Binn\Resources\1033\tracewiz.rll
%INSTPATH%\Binn\Resources\1033\sqlqry.rll
%INSTPATH%\Binn\Resources\1033\sqlns.rll
%INSTPATH%\Binn\Resources\1033\sqlmmc.rll
%INSTPATH%\Binn\Resources\1033\sqlgui.rll
%INSTPATH%\Binn\Resources\1033\sqlftwiz.rll
%INSTPATH%\Binn\Resources\1033\sqldmo.rll
%INSTPATH%\Binn\Resources\1033\sfc.rll
%INSTPATH%\Binn\Resources\1033\semwiz.rll
%INSTPATH%\Binn\Resources\1033\semwebwz.rll
%INSTPATH%\Binn\Resources\1033\semsys.rll
%INSTPATH%\Binn\Resources\1033\semrepl.rll
%INSTPATH%\Binn\Resources\1033\semobj.rll
%INSTPATH%\Binn\Resources\1033\semexec.rll
%INSTPATH%\Binn\Resources\1033\semdll.rll
%INSTPATH%\Binn\Resources\1033\semcros.rll
%INSTPATH%\Binn\Resources\1033\semcomn.rll
%INSTPATH%\Binn\Resources\1033\isqlw.rll
%INSTPATH%\Binn\Resources\1033\dtswiz.rll
%INSTPATH%\Binn\Resources\1033\dtsui.rll
%INSTPATH%\Binn\Resources\1033\dtsrun.rll
%INSTPATH%\Binn\Resources\1033\dtspump.rll
%INSTPATH%\Binn\Resources\1033\dtspkg.rll
%INSTPATH%\Binn\Resources\1033\dtsffile.rll
%INSTPATH%\Binn\Resources\1033\axscphst.rll
%INSTPATH%\Binn\Resources\1033\autowiz.rll
%INSTPATH%\Binn\Resources\1033
%INSTPATH%\Binn\Resources