[List based on Sphinx RTM (623.07A) Standard vs. Shiloh build 136 Standard]

[Files]
%PROGGRP%\Microsoft SQL Server 7.0\Uninstall SQL Server 7.0.lnk
%PROGGRP%\Microsoft SQL Server 7.0\SQL Server 7.0 のアンインストール.lnk
%PROGGRP%\Microsoft SQL Server 7.0\SQL Server 7.0 deinstallieren.lnk
%PROGGRP%\Microsoft SQL Server 7.0\Query Analyzer.lnk
%PROGGRP%\Microsoft SQL Server 7.0\クエリ アナライザ.lnk
%PROGGRP%\Microsoft SQL Server 7.0\Profiler.lnk
%PROGGRP%\Microsoft SQL Server 7.0\プロファイラ.lnk
%PROGGRP%\Microsoft SQL Server 7.0\MSDTC Administrative Console.lnk
%PROGGRP%\Microsoft SQL Server 7.0\MSDTC 管理コンソール.lnk
%PROGGRP%\Microsoft SQL Server 7.0\MSDTC Admin-Konsole.lnk
%PROGGRP%\Microsoft SQL Server 7.0\Import and Export Data.lnk
%PROGGRP%\Microsoft SQL Server 7.0\データのインポートとエクスポート.lnk
%PROGGRP%\Microsoft SQL Server 7.0\Daten importieren und exportieren.lnk
%PROGGRP%\Microsoft SQL Server 7.0\Enterprise Manager.lnk
%PROGGRP%\Microsoft SQL Server 7.0\Client Network Utility.lnk
%PROGGRP%\Microsoft SQL Server 7.0\クライアント ネットワーク ユーティリティ.lnk
%PROGGRP%\Microsoft SQL Server 7.0\SQL Server-Clientkonfiguration.lnk
%PROGGRP%\Microsoft SQL Server 7.0\Books Online.lnk
%PROGGRP%\Microsoft SQL Server 7.0\Onlinedokumentation.lnk
%PROGGRP%\Microsoft SQL Server 7.0\Service Manager.lnk
%PROGGRP%\Microsoft SQL Server 7.0\サービス マネージャ.lnk
%PROGGRP%\Microsoft SQL Server 7.0\Dienst-Manager.lnk
%PROGGRP%\Microsoft SQL Server 7.0\Server Network Utility.lnk
%PROGGRP%\Microsoft SQL Server 7.0\サーバー ネットワーク ユーティリティ.lnk
%PROGGRP%\Microsoft SQL Server 7.0\SQL Server-Netzwerkkonfiguration.lnk
%PROGGRP%\Microsoft SQL Server 7.0\Performance Monitor.lnk
%PROGGRP%\Microsoft SQL Server 7.0\パフォーマンス モニタ.lnk
%PROGGRP%\Microsoft SQL Server 7.0\Systemmonitor.lnk
%PROGGRP%\Microsoft SQL Server 7.0\readme.txt.lnk
%PROGGRP%\Microsoft SQL Server 7.0\Failover Cluster Wizard.lnk
%PROGGRP%\Microsoft SQL Server 7.0\フェールオーバー クラスタ ウィザード.lnk
%PROGGRP%\Microsoft SQL Server 7.0\Failover Cluster-Assistent.lnk
%PROGGRP%\Microsoft SQL Server 7.0
%STARTUP%\Microsoft SQL Server 7.0\Service Manager.lnk
%STARTUP%\Microsoft SQL Server 7.0\Dienst-Manager.lnk
%STARTUP%\Microsoft SQL Server 7.0\サービス マネージャ.lnk
%INSTPATH%\Upgrade\cnv6x70.dll
%INSTPATH%\HTML\js00003.js
%INSTPATH%\HTML\js00002.js
%INSTPATH%\HTML\js00001.js
%INSTPATH%\HTML\img00008.gif
%INSTPATH%\HTML\img00007.gif
%INSTPATH%\HTML\dbtable.gif
%INSTPATH%\HTML\dbindex.gif
%INSTPATH%\HTML\dbicon.gif
%INSTPATH%\HTML\dbcindex.gif
%INSTPATH%\HTML\dbback.gif
%INSTPATH%\HTML\database.htm
%INSTPATH%\HTML\database.css
%INSTPATH%\HTML
%INSTPATH%\DevTools\Include\wn95scm.h
%INSTPATH%\DevTools\Include\sqloledb.h
%INSTPATH%\DevTools\Include\odbcss.h
%INSTPATH%\DevTools\Include\oledb.h
%INSTPATH%\DevTools\Include\repldist.h
%INSTPATH%\DevTools\Include\sql.h
%INSTPATH%\DevTools\Include\sqlca.h
%INSTPATH%\DevTools\Include\sqlda.h
%INSTPATH%\DevTools\Include\sqldb.h
%INSTPATH%\DevTools\Include\sqldmo.h
%INSTPATH%\DevTools\Include\sqldmoid.h
%INSTPATH%\DevTools\Include\sqlext.h
%INSTPATH%\DevTools\Include\sqlfront.h
%INSTPATH%\DevTools\Include\odbcinst.h
%INSTPATH%\DevTools\Include\sqltypes.h
%INSTPATH%\DevTools\Include\sqlucode.h
%INSTPATH%\DevTools\Include\srv.h
%INSTPATH%\DevTools\Include\srvapi.h
%INSTPATH%\DevTools\Include\srvconst.h
%INSTPATH%\DevTools\Include\srvdbtyp.h
%INSTPATH%\DevTools\Include\srvmisc.h
%INSTPATH%\DevTools\Include\srvstruc.h
%INSTPATH%\DevTools\Include\srvtok.h
%INSTPATH%\DevTools\Include\srvtypes.h
%INSTPATH%\DevTools\Include\transact.h
%INSTPATH%\DevTools\Include\txcoord.h
%INSTPATH%\DevTools\Include\txdtc.h
%INSTPATH%\DevTools\Include\xactomsg.h
%INSTPATH%\DevTools\Include\xolehlp.h
%INSTPATH%\DevTools\Include\msdasql.h
%INSTPATH%\DevTools\Include\msdaguid.h
%INSTPATH%\DevTools\Include\msdasc.h
%INSTPATH%\DevTools\Include\msdadc.h
%INSTPATH%\DevTools\Include\oledberr.h
%INSTPATH%\DevTools\Include\adoint.h
%INSTPATH%\DevTools\Include\adoid.h
%INSTPATH%\DevTools\Include\sqlnsdef.h
%INSTPATH%\DevTools\Include\dtspump.h
%INSTPATH%\DevTools\Include\dtspkg.h
%INSTPATH%\DevTools\Include\dtsffile.h
%INSTPATH%\DevTools\Include\sqlnsx.h
%INSTPATH%\DevTools\Include\sqlmergx.h
%INSTPATH%\DevTools\Include\sqldistx.h
%INSTPATH%\DevTools\Include\sqlres.h
%INSTPATH%\DevTools\Include\sqlresid.h
%INSTPATH%\DevTools\Include\replmrgx.c
%INSTPATH%\DevTools\Include\repldstx.c
%INSTPATH%\DevTools\Include\replerrx.h
%INSTPATH%\DevTools\Include\replerri.c
%INSTPATH%\DevTools\Include\vdierror.h
%INSTPATH%\DevTools\Include\vdi.h
%INSTPATH%\DevTools\Include\vdiguid.h
%INSTPATH%\DevTools\Include
%INSTPATH%\DevTools\Lib\w95scm.lib
%INSTPATH%\DevTools\Lib\msdtctm.lib
%INSTPATH%\DevTools\Lib\caw32.lib
%INSTPATH%\DevTools\Lib\dacdll.lib
%INSTPATH%\DevTools\Lib\dtccfg.lib
%INSTPATH%\DevTools\Lib\dtccm.lib
%INSTPATH%\DevTools\Lib\dtchelp.lib
%INSTPATH%\DevTools\Lib\dtctrace.lib
%INSTPATH%\DevTools\Lib\dtcuic.lib
%INSTPATH%\DevTools\Lib\dtcuis.lib
%INSTPATH%\DevTools\Lib\dtcutil.lib
%INSTPATH%\DevTools\Lib\logmgr.lib
%INSTPATH%\DevTools\Lib\msdtc.lib
%INSTPATH%\DevTools\Lib\msdtcprx.lib
%INSTPATH%\DevTools\Lib\adme.lib
%INSTPATH%\DevTools\Lib\ntwdblib.lib
%INSTPATH%\DevTools\Lib\odbc32.lib
%INSTPATH%\DevTools\Lib\odbcbcp.lib
%INSTPATH%\DevTools\Lib\odbccp32.lib
%INSTPATH%\DevTools\Lib\oledb.lib
%INSTPATH%\DevTools\Lib\opends60.lib
%INSTPATH%\DevTools\Lib\sampdtcr.lib
%INSTPATH%\DevTools\Lib\sqlakw32.lib
%INSTPATH%\DevTools\Lib\svcsrvl.lib
%INSTPATH%\DevTools\Lib\util.lib
%INSTPATH%\DevTools\Lib\xolehlp.lib
%INSTPATH%\DevTools\Lib\msdasc.lib
%INSTPATH%\DevTools\Lib\oledbd.lib
%INSTPATH%\DevTools\Lib
%INSTPATH%\DevTools\Samples\backup\makefile
%INSTPATH%\DevTools\Samples\backup\mprocess.cpp
%INSTPATH%\DevTools\Samples\backup\mthread.cpp
%INSTPATH%\DevTools\Samples\backup\readme.txt
%INSTPATH%\DevTools\Samples\backup\simple.cpp
%INSTPATH%\DevTools\Samples\backup\vbackup.doc
%INSTPATH%\DevTools\Samples\backup
%INSTPATH%\DevTools\Samples\ado\intro\adoabout.frm
%INSTPATH%\DevTools\Samples\ado\intro\adoerr.frm
%INSTPATH%\DevTools\Samples\ado\intro\adoerr.frx
%INSTPATH%\DevTools\Samples\ado\intro\adomain.frm
%INSTPATH%\DevTools\Samples\ado\intro\adomain.frx
%INSTPATH%\DevTools\Samples\ado\intro\adomain.vbp
%INSTPATH%\DevTools\Samples\ado\intro\adomain.vbw
%INSTPATH%\DevTools\Samples\ado\intro
%INSTPATH%\DevTools\Samples\ado\web\add.asp
%INSTPATH%\DevTools\Samples\ado\web\default.htm
%INSTPATH%\DevTools\Samples\ado\web\displayc.asp
%INSTPATH%\DevTools\Samples\ado\web\displayp.asp
%INSTPATH%\DevTools\Samples\ado\web\global.asa
%INSTPATH%\DevTools\Samples\ado\web\nimstyle.css
%INSTPATH%\DevTools\Samples\ado\web\remove.asp
%INSTPATH%\DevTools\Samples\ado\web\update.asp
%INSTPATH%\DevTools\Samples\ado\web\adovbs.inc
%INSTPATH%\DevTools\Samples\ado\web
%INSTPATH%\DevTools\Samples\ado
%INSTPATH%\DevTools\Samples\dblib\c\readme.txt
%INSTPATH%\DevTools\Samples\dblib\c\sqltestn\sqltestn.c
%INSTPATH%\DevTools\Samples\dblib\c\sqltestn\sqltestn.h
%INSTPATH%\DevTools\Samples\dblib\c\sqltestn\sqltestn.ico
%INSTPATH%\DevTools\Samples\dblib\c\sqltestn\sqltestn.mak
%INSTPATH%\DevTools\Samples\dblib\c\sqltestn\sqltestn.mdp
%INSTPATH%\DevTools\Samples\dblib\c\sqltestn\sqltestn.rc
%INSTPATH%\DevTools\Samples\dblib\c\sqltestn
%INSTPATH%\DevTools\Samples\dblib\c\sqlcurs\sqlcurs.c
%INSTPATH%\DevTools\Samples\dblib\c\sqlcurs\sqlcurs.mak
%INSTPATH%\DevTools\Samples\dblib\c\sqlcurs\sqlcurs.mdp
%INSTPATH%\DevTools\Samples\dblib\c\sqlcurs
%INSTPATH%\DevTools\Samples\dblib\c\sqlexamp\sqlexamp.c
%INSTPATH%\DevTools\Samples\dblib\c\sqlexamp\sqlexamp.mak
%INSTPATH%\DevTools\Samples\dblib\c\sqlexamp\sqlexamp.mdp
%INSTPATH%\DevTools\Samples\dblib\c\sqlexamp
%INSTPATH%\DevTools\Samples\dblib\c\sqltestc\sqltestc.c
%INSTPATH%\DevTools\Samples\dblib\c\sqltestc\sqltestc.mak
%INSTPATH%\DevTools\Samples\dblib\c\sqltestc\sqltestc.mdp
%INSTPATH%\DevTools\Samples\dblib\c\sqltestc
%INSTPATH%\DevTools\Samples\dblib\c\example8\example8.c
%INSTPATH%\DevTools\Samples\dblib\c\example8\example8.mak
%INSTPATH%\DevTools\Samples\dblib\c\example8\example8.mdp
%INSTPATH%\DevTools\Samples\dblib\c\example8
%INSTPATH%\DevTools\Samples\dblib\c\textcopy\getopt.c
%INSTPATH%\DevTools\Samples\dblib\c\textcopy\getopt.h
%INSTPATH%\DevTools\Samples\dblib\c\textcopy\textcopy.cpp
%INSTPATH%\DevTools\Samples\dblib\c\textcopy\textcopy.h
%INSTPATH%\DevTools\Samples\dblib\c\textcopy\textcopy.mak
%INSTPATH%\DevTools\Samples\dblib\c\textcopy\textcopy.mdp
%INSTPATH%\DevTools\Samples\dblib\c\textcopy
%INSTPATH%\DevTools\Samples\dblib\c
%INSTPATH%\DevTools\Samples\dblib
%INSTPATH%\DevTools\Samples\dts\dtsdemo.exe
%INSTPATH%\DevTools\Samples\dts\dtsexmp1\creattbl.sql
%INSTPATH%\DevTools\Samples\dts\dtsexmp1\dtsexmp1.frm
%INSTPATH%\DevTools\Samples\dts\dtsexmp1\dtsexmp1.vbp
%INSTPATH%\DevTools\Samples\dts\dtsexmp1
%INSTPATH%\DevTools\Samples\dts\dtsexmp2\cptaxdll.cls
%INSTPATH%\DevTools\Samples\dts\dtsexmp2\cptaxdll.vbp
%INSTPATH%\DevTools\Samples\dts\dtsexmp2\cptexmp.frm
%INSTPATH%\DevTools\Samples\dts\dtsexmp2\cptexmp.vbp
%INSTPATH%\DevTools\Samples\dts\dtsexmp2
%INSTPATH%\DevTools\Samples\dts\dtstask\dtstask.aps
%INSTPATH%\DevTools\Samples\dts\dtstask\dtstask.clw
%INSTPATH%\DevTools\Samples\dts\dtstask\dtstask.cpp
%INSTPATH%\DevTools\Samples\dts\dtstask\dtstask.def
%INSTPATH%\DevTools\Samples\dts\dtstask\dtstask.dsp
%INSTPATH%\DevTools\Samples\dts\dtstask\dtstask.dsw
%INSTPATH%\DevTools\Samples\dts\dtstask\dtstask.idl
%INSTPATH%\DevTools\Samples\dts\dtstask\dtstask.ncb
%INSTPATH%\DevTools\Samples\dts\dtstask\dtstask.opt
%INSTPATH%\DevTools\Samples\dts\dtstask\dtstask.plg
%INSTPATH%\DevTools\Samples\dts\dtstask\dtstask.rc
%INSTPATH%\DevTools\Samples\dts\dtstask\dtstask.tlb
%INSTPATH%\DevTools\Samples\dts\dtstask\proctask.ico
%INSTPATH%\DevTools\Samples\dts\dtstask\resource.h
%INSTPATH%\DevTools\Samples\dts\dtstask\stdafx.cpp
%INSTPATH%\DevTools\Samples\dts\dtstask\stdafx.h
%INSTPATH%\DevTools\Samples\dts\dtstask\task.cpp
%INSTPATH%\DevTools\Samples\dts\dtstask\task.h
%INSTPATH%\DevTools\Samples\dts\dtstask\task.rgs
%INSTPATH%\DevTools\Samples\dts\dtstask\debug
%INSTPATH%\DevTools\Samples\dts\dtstask
%INSTPATH%\DevTools\Samples\dts\dtsexmp3\dtsqry.vbp
%INSTPATH%\DevTools\Samples\dts\dtsexmp3\dtsqry.vbw
%INSTPATH%\DevTools\Samples\dts\dtsexmp3\frmlogon.frm
%INSTPATH%\DevTools\Samples\dts\dtsexmp3\frmlogon.frx
%INSTPATH%\DevTools\Samples\dts\dtsexmp3\module1.bas
%INSTPATH%\DevTools\Samples\dts\dtsexmp3\sqldata.frm
%INSTPATH%\DevTools\Samples\dts\dtsexmp3
%INSTPATH%\DevTools\Samples\dts\dtsxform\dtsxform.aps
%INSTPATH%\DevTools\Samples\dts\dtsxform\dtsxform.clw
%INSTPATH%\DevTools\Samples\dts\dtsxform\dtsxform.cpp
%INSTPATH%\DevTools\Samples\dts\dtsxform\dtsxform.def
%INSTPATH%\DevTools\Samples\dts\dtsxform\dtsxform.dsp
%INSTPATH%\DevTools\Samples\dts\dtsxform\dtsxform.dsw
%INSTPATH%\DevTools\Samples\dts\dtsxform\dtsxform.idl
%INSTPATH%\DevTools\Samples\dts\dtsxform\dtsxform.ncb
%INSTPATH%\DevTools\Samples\dts\dtsxform\dtsxform.opt
%INSTPATH%\DevTools\Samples\dts\dtsxform\dtsxform.plg
%INSTPATH%\DevTools\Samples\dts\dtsxform\dtsxform.rc
%INSTPATH%\DevTools\Samples\dts\dtsxform\dtsxform.tlb
%INSTPATH%\DevTools\Samples\dts\dtsxform\resource.h
%INSTPATH%\DevTools\Samples\dts\dtsxform\stdafx.cpp
%INSTPATH%\DevTools\Samples\dts\dtsxform\stdafx.h
%INSTPATH%\DevTools\Samples\dts\dtsxform\xform.cpp
%INSTPATH%\DevTools\Samples\dts\dtsxform\xform.h
%INSTPATH%\DevTools\Samples\dts\dtsxform\xform.rgs
%INSTPATH%\DevTools\Samples\dts\dtsxform\debug
%INSTPATH%\DevTools\Samples\dts\dtsxform
%INSTPATH%\DevTools\Samples\dts
%INSTPATH%\DevTools\Samples\esqlc\author2.sql
%INSTPATH%\DevTools\Samples\esqlc\edblib.def
%INSTPATH%\DevTools\Samples\esqlc\edblib.h
%INSTPATH%\DevTools\Samples\esqlc\edblib.ico
%INSTPATH%\DevTools\Samples\esqlc\edblib.rc
%INSTPATH%\DevTools\Samples\esqlc\edblib.sqc
%INSTPATH%\DevTools\Samples\esqlc\example1.sqc
%INSTPATH%\DevTools\Samples\esqlc\example2.sqc
%INSTPATH%\DevTools\Samples\esqlc\example3.sqc
%INSTPATH%\DevTools\Samples\esqlc\example4.sqc
%INSTPATH%\DevTools\Samples\esqlc\example5.sqc
%INSTPATH%\DevTools\Samples\esqlc\example6.sqc
%INSTPATH%\DevTools\Samples\esqlc\example7.sqc
%INSTPATH%\DevTools\Samples\esqlc\example8.sqc
%INSTPATH%\DevTools\Samples\esqlc\gcutil.c
%INSTPATH%\DevTools\Samples\esqlc\gcutil.h
%INSTPATH%\DevTools\Samples\esqlc\genchar.h
%INSTPATH%\DevTools\Samples\esqlc\genchar.mak
%INSTPATH%\DevTools\Samples\esqlc\genchar.mdp
%INSTPATH%\DevTools\Samples\esqlc\genchar.sqc
%INSTPATH%\DevTools\Samples\esqlc\genwin.def
%INSTPATH%\DevTools\Samples\esqlc\genwin.h
%INSTPATH%\DevTools\Samples\esqlc\genwin.ico
%INSTPATH%\DevTools\Samples\esqlc\genwin.mak
%INSTPATH%\DevTools\Samples\esqlc\genwin.mdp
%INSTPATH%\DevTools\Samples\esqlc\genwin.rc
%INSTPATH%\DevTools\Samples\esqlc\genwin.sqc
%INSTPATH%\DevTools\Samples\esqlc\gwutil.c
%INSTPATH%\DevTools\Samples\esqlc\gwutil.h
%INSTPATH%\DevTools\Samples\esqlc\makec.bat
%INSTPATH%\DevTools\Samples\esqlc\makefile
%INSTPATH%\DevTools\Samples\esqlc\makew.bat
%INSTPATH%\DevTools\Samples\esqlc\quickwin.def
%INSTPATH%\DevTools\Samples\esqlc\setenv.bat
%INSTPATH%\DevTools\Samples\esqlc
%INSTPATH%\DevTools\Samples\msdtc\readme.txt
%INSTPATH%\DevTools\Samples\msdtc\dblib\dblib.cpp
%INSTPATH%\DevTools\Samples\msdtc\dblib\dblib.mak
%INSTPATH%\DevTools\Samples\msdtc\dblib\dblib.mdp
%INSTPATH%\DevTools\Samples\msdtc\dblib
%INSTPATH%\DevTools\Samples\msdtc\odbc\odbc.cpp
%INSTPATH%\DevTools\Samples\msdtc\odbc\odbc.mak
%INSTPATH%\DevTools\Samples\msdtc\odbc\odbc.mdp
%INSTPATH%\DevTools\Samples\msdtc\odbc\odbc.ncb
%INSTPATH%\DevTools\Samples\msdtc\odbc
%INSTPATH%\DevTools\Samples\msdtc\tsql\chgaddr.sql
%INSTPATH%\DevTools\Samples\msdtc\tsql\updadr.sql
%INSTPATH%\DevTools\Samples\msdtc\tsql
%INSTPATH%\DevTools\Samples\msdtc
%INSTPATH%\DevTools\Samples\odbc\makeall.bat
%INSTPATH%\DevTools\Samples\odbc\bcp\bcp.cpp
%INSTPATH%\DevTools\Samples\odbc\bcp\bcp.h
%INSTPATH%\DevTools\Samples\odbc\bcp\bcp.mak
%INSTPATH%\DevTools\Samples\odbc\bcp\bcp.mdp
%INSTPATH%\DevTools\Samples\odbc\bcp\bcp.rc
%INSTPATH%\DevTools\Samples\odbc\bcp\bcpdlg.cpp
%INSTPATH%\DevTools\Samples\odbc\bcp\bcpdlg.h
%INSTPATH%\DevTools\Samples\odbc\bcp\getfile.cpp
%INSTPATH%\DevTools\Samples\odbc\bcp\getfile.h
%INSTPATH%\DevTools\Samples\odbc\bcp\odbcerr.cpp
%INSTPATH%\DevTools\Samples\odbc\bcp\odbcerr.h
%INSTPATH%\DevTools\Samples\odbc\bcp\readme.txt
%INSTPATH%\DevTools\Samples\odbc\bcp\resource.h
%INSTPATH%\DevTools\Samples\odbc\bcp\script.cpp
%INSTPATH%\DevTools\Samples\odbc\bcp\script.h
%INSTPATH%\DevTools\Samples\odbc\bcp\stdafx.cpp
%INSTPATH%\DevTools\Samples\odbc\bcp\stdafx.h
%INSTPATH%\DevTools\Samples\odbc\bcp\res\bcp.ico
%INSTPATH%\DevTools\Samples\odbc\bcp\res\bcp.rc2
%INSTPATH%\DevTools\Samples\odbc\bcp\res
%INSTPATH%\DevTools\Samples\odbc\bcp
%INSTPATH%\DevTools\Samples\odbc\compute\compute.cpp
%INSTPATH%\DevTools\Samples\odbc\compute\compute.mak
%INSTPATH%\DevTools\Samples\odbc\compute\compute.mdp
%INSTPATH%\DevTools\Samples\odbc\compute
%INSTPATH%\DevTools\Samples\odbc\data\north\cat.txt
%INSTPATH%\DevTools\Samples\odbc\data\north\createtb.sql
%INSTPATH%\DevTools\Samples\odbc\data\north\cust.txt
%INSTPATH%\DevTools\Samples\odbc\data\north\emp.txt
%INSTPATH%\DevTools\Samples\odbc\data\north\ldnorthw.cmd
%INSTPATH%\DevTools\Samples\odbc\data\north\orddet.txt
%INSTPATH%\DevTools\Samples\odbc\data\north\order.txt
%INSTPATH%\DevTools\Samples\odbc\data\north\product.txt
%INSTPATH%\DevTools\Samples\odbc\data\north\shipper.txt
%INSTPATH%\DevTools\Samples\odbc\data\north\supplier.txt
%INSTPATH%\DevTools\Samples\odbc\data\north
%INSTPATH%\DevTools\Samples\odbc\data\northbcp\bcpnorth.cmd
%INSTPATH%\DevTools\Samples\odbc\data\northbcp\cat.bcp
%INSTPATH%\DevTools\Samples\odbc\data\northbcp\createtb.sql
%INSTPATH%\DevTools\Samples\odbc\data\northbcp\cust.bcp
%INSTPATH%\DevTools\Samples\odbc\data\northbcp\emp.bcp
%INSTPATH%\DevTools\Samples\odbc\data\northbcp\orddet.bcp
%INSTPATH%\DevTools\Samples\odbc\data\northbcp\order.bcp
%INSTPATH%\DevTools\Samples\odbc\data\northbcp\product.bcp
%INSTPATH%\DevTools\Samples\odbc\data\northbcp\shipper.bcp
%INSTPATH%\DevTools\Samples\odbc\data\northbcp\supplier.bcp
%INSTPATH%\DevTools\Samples\odbc\data\northbcp
%INSTPATH%\DevTools\Samples\odbc\data\trans\account.txt
%INSTPATH%\DevTools\Samples\odbc\data\trans\activity.txt
%INSTPATH%\DevTools\Samples\odbc\data\trans\createtb.sql
%INSTPATH%\DevTools\Samples\odbc\data\trans\cust.txt
%INSTPATH%\DevTools\Samples\odbc\data\trans\lddist.cmd
%INSTPATH%\DevTools\Samples\odbc\data\trans\recon.sql
%INSTPATH%\DevTools\Samples\odbc\data\trans
%INSTPATH%\DevTools\Samples\odbc\data
%INSTPATH%\DevTools\Samples\odbc\loaddata\colattr.cpp
%INSTPATH%\DevTools\Samples\odbc\loaddata\colattr.h
%INSTPATH%\DevTools\Samples\odbc\loaddata\getdata.cpp
%INSTPATH%\DevTools\Samples\odbc\loaddata\getdata.h
%INSTPATH%\DevTools\Samples\odbc\loaddata\getfile.cpp
%INSTPATH%\DevTools\Samples\odbc\loaddata\getfile.h
%INSTPATH%\DevTools\Samples\odbc\loaddata\lddlg.cpp
%INSTPATH%\DevTools\Samples\odbc\loaddata\lddlg.h
%INSTPATH%\DevTools\Samples\odbc\loaddata\loaddata.cpp
%INSTPATH%\DevTools\Samples\odbc\loaddata\loaddata.h
%INSTPATH%\DevTools\Samples\odbc\loaddata\loaddata.mak
%INSTPATH%\DevTools\Samples\odbc\loaddata\loaddata.mdp
%INSTPATH%\DevTools\Samples\odbc\loaddata\loaddata.rc
%INSTPATH%\DevTools\Samples\odbc\loaddata\odbcerr.cpp
%INSTPATH%\DevTools\Samples\odbc\loaddata\odbcerr.h
%INSTPATH%\DevTools\Samples\odbc\loaddata\readme.txt
%INSTPATH%\DevTools\Samples\odbc\loaddata\resource.h
%INSTPATH%\DevTools\Samples\odbc\loaddata\script.cpp
%INSTPATH%\DevTools\Samples\odbc\loaddata\script.h
%INSTPATH%\DevTools\Samples\odbc\loaddata\stdafx.cpp
%INSTPATH%\DevTools\Samples\odbc\loaddata\stdafx.h
%INSTPATH%\DevTools\Samples\odbc\loaddata\res\loaddata.ico
%INSTPATH%\DevTools\Samples\odbc\loaddata\res\loaddata.rc2
%INSTPATH%\DevTools\Samples\odbc\loaddata\res
%INSTPATH%\DevTools\Samples\odbc\loaddata
%INSTPATH%\DevTools\Samples\odbc\mfcperf\childfrm.cpp
%INSTPATH%\DevTools\Samples\odbc\mfcperf\childfrm.h
%INSTPATH%\DevTools\Samples\odbc\mfcperf\docfast.cpp
%INSTPATH%\DevTools\Samples\odbc\mfcperf\docfast.h
%INSTPATH%\DevTools\Samples\odbc\mfcperf\docslow.cpp
%INSTPATH%\DevTools\Samples\odbc\mfcperf\docslow.h
%INSTPATH%\DevTools\Samples\odbc\mfcperf\fodet.cpp
%INSTPATH%\DevTools\Samples\odbc\mfcperf\fodet.h
%INSTPATH%\DevTools\Samples\odbc\mfcperf\foset.cpp
%INSTPATH%\DevTools\Samples\odbc\mfcperf\foset.h
%INSTPATH%\DevTools\Samples\odbc\mfcperf\logindlg.cpp
%INSTPATH%\DevTools\Samples\odbc\mfcperf\logindlg.h
%INSTPATH%\DevTools\Samples\odbc\mfcperf\mainfrm.cpp
%INSTPATH%\DevTools\Samples\odbc\mfcperf\mainfrm.h
%INSTPATH%\DevTools\Samples\odbc\mfcperf\mfcpcust.cpp
%INSTPATH%\DevTools\Samples\odbc\mfcperf\mfcpcust.h
%INSTPATH%\DevTools\Samples\odbc\mfcperf\mfcperf.cpp
%INSTPATH%\DevTools\Samples\odbc\mfcperf\mfcperf.h
%INSTPATH%\DevTools\Samples\odbc\mfcperf\mfcperf.mak
%INSTPATH%\DevTools\Samples\odbc\mfcperf\mfcperf.mdp
%INSTPATH%\DevTools\Samples\odbc\mfcperf\mfcperf.rc
%INSTPATH%\DevTools\Samples\odbc\mfcperf\msflexgr.cpp
%INSTPATH%\DevTools\Samples\odbc\mfcperf\msflexgr.h
%INSTPATH%\DevTools\Samples\odbc\mfcperf\perfdoc.cpp
%INSTPATH%\DevTools\Samples\odbc\mfcperf\perfdoc.h
%INSTPATH%\DevTools\Samples\odbc\mfcperf\perfview.cpp
%INSTPATH%\DevTools\Samples\odbc\mfcperf\perfview.h
%INSTPATH%\DevTools\Samples\odbc\mfcperf\readme.txt
%INSTPATH%\DevTools\Samples\odbc\mfcperf\resource.h
%INSTPATH%\DevTools\Samples\odbc\mfcperf\sodet.cpp
%INSTPATH%\DevTools\Samples\odbc\mfcperf\sodet.h
%INSTPATH%\DevTools\Samples\odbc\mfcperf\soset.cpp
%INSTPATH%\DevTools\Samples\odbc\mfcperf\soset.h
%INSTPATH%\DevTools\Samples\odbc\mfcperf\stdafx.cpp
%INSTPATH%\DevTools\Samples\odbc\mfcperf\stdafx.h
%INSTPATH%\DevTools\Samples\odbc\mfcperf\viewfast.cpp
%INSTPATH%\DevTools\Samples\odbc\mfcperf\viewfast.h
%INSTPATH%\DevTools\Samples\odbc\mfcperf\viewslow.cpp
%INSTPATH%\DevTools\Samples\odbc\mfcperf\viewslow.h
%INSTPATH%\DevTools\Samples\odbc\mfcperf\res\docfast.ico
%INSTPATH%\DevTools\Samples\odbc\mfcperf\res\docslow.ico
%INSTPATH%\DevTools\Samples\odbc\mfcperf\res\mfcperf.ico
%INSTPATH%\DevTools\Samples\odbc\mfcperf\res\mfcperf.rc2
%INSTPATH%\DevTools\Samples\odbc\mfcperf\res\stats.ico
%INSTPATH%\DevTools\Samples\odbc\mfcperf\res\toolbar.bmp
%INSTPATH%\DevTools\Samples\odbc\mfcperf\res
%INSTPATH%\DevTools\Samples\odbc\mfcperf
%INSTPATH%\DevTools\Samples\odbc\trans\actdlg.cpp
%INSTPATH%\DevTools\Samples\odbc\trans\actdlg.h
%INSTPATH%\DevTools\Samples\odbc\trans\childfrm.cpp
%INSTPATH%\DevTools\Samples\odbc\trans\childfrm.h
%INSTPATH%\DevTools\Samples\odbc\trans\cmbolist.cpp
%INSTPATH%\DevTools\Samples\odbc\trans\cmbolist.h
%INSTPATH%\DevTools\Samples\odbc\trans\colattr.cpp
%INSTPATH%\DevTools\Samples\odbc\trans\colattr.h
%INSTPATH%\DevTools\Samples\odbc\trans\cursor.cpp
%INSTPATH%\DevTools\Samples\odbc\trans\cursor.h
%INSTPATH%\DevTools\Samples\odbc\trans\globals.cpp
%INSTPATH%\DevTools\Samples\odbc\trans\globals.h
%INSTPATH%\DevTools\Samples\odbc\trans\logindlg.cpp
%INSTPATH%\DevTools\Samples\odbc\trans\logindlg.h
%INSTPATH%\DevTools\Samples\odbc\trans\lstclist.cpp
%INSTPATH%\DevTools\Samples\odbc\trans\lstclist.h
%INSTPATH%\DevTools\Samples\odbc\trans\mainfrm.cpp
%INSTPATH%\DevTools\Samples\odbc\trans\mainfrm.h
%INSTPATH%\DevTools\Samples\odbc\trans\odbcerr.cpp
%INSTPATH%\DevTools\Samples\odbc\trans\odbcerr.h
%INSTPATH%\DevTools\Samples\odbc\trans\pages.cpp
%INSTPATH%\DevTools\Samples\odbc\trans\pages.h
%INSTPATH%\DevTools\Samples\odbc\trans\param.cpp
%INSTPATH%\DevTools\Samples\odbc\trans\param.h
%INSTPATH%\DevTools\Samples\odbc\trans\readme.txt
%INSTPATH%\DevTools\Samples\odbc\trans\resource.h
%INSTPATH%\DevTools\Samples\odbc\trans\stdafx.cpp
%INSTPATH%\DevTools\Samples\odbc\trans\stdafx.h
%INSTPATH%\DevTools\Samples\odbc\trans\tran.cpp
%INSTPATH%\DevTools\Samples\odbc\trans\tran.h
%INSTPATH%\DevTools\Samples\odbc\trans\tran.mak
%INSTPATH%\DevTools\Samples\odbc\trans\tran.mdp
%INSTPATH%\DevTools\Samples\odbc\trans\tran.rc
%INSTPATH%\DevTools\Samples\odbc\trans\trandoc.cpp
%INSTPATH%\DevTools\Samples\odbc\trans\trandoc.h
%INSTPATH%\DevTools\Samples\odbc\trans\trantype.cpp
%INSTPATH%\DevTools\Samples\odbc\trans\trantype.h
%INSTPATH%\DevTools\Samples\odbc\trans\tranview.cpp
%INSTPATH%\DevTools\Samples\odbc\trans\tranview.h
%INSTPATH%\DevTools\Samples\odbc\trans\res\toolbar.bmp
%INSTPATH%\DevTools\Samples\odbc\trans\res\tran.ico
%INSTPATH%\DevTools\Samples\odbc\trans\res\tran.rc2
%INSTPATH%\DevTools\Samples\odbc\trans\res\trandoc.ico
%INSTPATH%\DevTools\Samples\odbc\trans\res
%INSTPATH%\DevTools\Samples\odbc\trans
%INSTPATH%\DevTools\Samples\odbc
%INSTPATH%\DevTools\Samples\ods\readme.txt
%INSTPATH%\DevTools\Samples\ods\xp_dblib\xp_dblib.c
%INSTPATH%\DevTools\Samples\ods\xp_dblib\xp_dblib.def
%INSTPATH%\DevTools\Samples\ods\xp_dblib\xp_dblib.mak
%INSTPATH%\DevTools\Samples\ods\xp_dblib\xp_dblib.mdp
%INSTPATH%\DevTools\Samples\ods\xp_dblib\xp_dblib.sql
%INSTPATH%\DevTools\Samples\ods\xp_dblib
%INSTPATH%\DevTools\Samples\ods\xp_hello\readme.txt
%INSTPATH%\DevTools\Samples\ods\xp_hello\xp_hello.c
%INSTPATH%\DevTools\Samples\ods\xp_hello\xp_hello.def
%INSTPATH%\DevTools\Samples\ods\xp_hello\xp_hello.mak
%INSTPATH%\DevTools\Samples\ods\xp_hello\xp_hello.mdp
%INSTPATH%\DevTools\Samples\ods\xp_hello\xp_hello.sql
%INSTPATH%\DevTools\Samples\ods\xp_hello
%INSTPATH%\DevTools\Samples\ods\xp_odbc\xp_odbc.c
%INSTPATH%\DevTools\Samples\ods\xp_odbc\xp_odbc.def
%INSTPATH%\DevTools\Samples\ods\xp_odbc\xp_odbc.mak
%INSTPATH%\DevTools\Samples\ods\xp_odbc\xp_odbc.mdp
%INSTPATH%\DevTools\Samples\ods\xp_odbc\xp_odbc.sql
%INSTPATH%\DevTools\Samples\ods\xp_odbc
%INSTPATH%\DevTools\Samples\ods\xp_param\readme.txt
%INSTPATH%\DevTools\Samples\ods\xp_param\xp_param.c
%INSTPATH%\DevTools\Samples\ods\xp_param\xp_param.def
%INSTPATH%\DevTools\Samples\ods\xp_param\xp_param.mak
%INSTPATH%\DevTools\Samples\ods\xp_param\xp_param.mdp
%INSTPATH%\DevTools\Samples\ods\xp_param\xp_param.sql
%INSTPATH%\DevTools\Samples\ods\xp_param
%INSTPATH%\DevTools\Samples\ods
%INSTPATH%\DevTools\Samples\oleauto\readme.txt
%INSTPATH%\DevTools\Samples\oleauto\getnpv\cgetnpv.cls
%INSTPATH%\DevTools\Samples\oleauto\getnpv\getnpv.vbp
%INSTPATH%\DevTools\Samples\oleauto\getnpv\npvmain.bas
%INSTPATH%\DevTools\Samples\oleauto\getnpv\npvtest.sql
%INSTPATH%\DevTools\Samples\oleauto\getnpv\npvtrig.sql
%INSTPATH%\DevTools\Samples\oleauto\getnpv\testerr.sql
%INSTPATH%\DevTools\Samples\oleauto\getnpv
%INSTPATH%\DevTools\Samples\oleauto\loopback.dao\csqldao.cls
%INSTPATH%\DevTools\Samples\oleauto\loopback.dao\daomain.bas
%INSTPATH%\DevTools\Samples\oleauto\loopback.dao\loopdao.sql
%INSTPATH%\DevTools\Samples\oleauto\loopback.dao\sqldao.vbp
%INSTPATH%\DevTools\Samples\oleauto\loopback.dao
%INSTPATH%\DevTools\Samples\oleauto\loopback.rdo\csqlrdo.cls
%INSTPATH%\DevTools\Samples\oleauto\loopback.rdo\looprdo.sql
%INSTPATH%\DevTools\Samples\oleauto\loopback.rdo\rdomain.bas
%INSTPATH%\DevTools\Samples\oleauto\loopback.rdo\sqlrdo.vbp
%INSTPATH%\DevTools\Samples\oleauto\loopback.rdo
%INSTPATH%\DevTools\Samples\oleauto\traverse\traverse.sql
%INSTPATH%\DevTools\Samples\oleauto\traverse
%INSTPATH%\DevTools\Samples\oleauto
%INSTPATH%\DevTools\Samples\sqlrepl\readme.txt
%INSTPATH%\DevTools\Samples\sqlrepl\sqlrepl.zip
%INSTPATH%\DevTools\Samples\sqlrepl
%INSTPATH%\DevTools\Samples\sqldmo\readme.txt
%INSTPATH%\DevTools\Samples\sqldmo\c\soc\soc.c
%INSTPATH%\DevTools\Samples\sqldmo\c\soc\soc.mak
%INSTPATH%\DevTools\Samples\sqldmo\c\soc\soc.mdp
%INSTPATH%\DevTools\Samples\sqldmo\c\soc
%INSTPATH%\DevTools\Samples\sqldmo\c
%INSTPATH%\DevTools\Samples\sqldmo\cpp\socpp\socpp.cpp
%INSTPATH%\DevTools\Samples\sqldmo\cpp\socpp\socpp.mak
%INSTPATH%\DevTools\Samples\sqldmo\cpp\socpp\socpp.mdp
%INSTPATH%\DevTools\Samples\sqldmo\cpp\socpp
%INSTPATH%\DevTools\Samples\sqldmo\cpp\dmoping\dmoping.cpp
%INSTPATH%\DevTools\Samples\sqldmo\cpp\dmoping\dmoping.dsp
%INSTPATH%\DevTools\Samples\sqldmo\cpp\dmoping\dmoping.dsw
%INSTPATH%\DevTools\Samples\sqldmo\cpp\dmoping\dmoping.h
%INSTPATH%\DevTools\Samples\sqldmo\cpp\dmoping
%INSTPATH%\DevTools\Samples\sqldmo\cpp
%INSTPATH%\DevTools\Samples\sqldmo\vb\explore\explore.bas
%INSTPATH%\DevTools\Samples\sqldmo\vb\explore\explore.frm
%INSTPATH%\DevTools\Samples\sqldmo\vb\explore\explore.mak
%INSTPATH%\DevTools\Samples\sqldmo\vb\explore
%INSTPATH%\DevTools\Samples\sqldmo\vb\idxtest\getparam.frm
%INSTPATH%\DevTools\Samples\sqldmo\vb\idxtest\idxtest.frm
%INSTPATH%\DevTools\Samples\sqldmo\vb\idxtest\idxtest.vbp
%INSTPATH%\DevTools\Samples\sqldmo\vb\idxtest
%INSTPATH%\DevTools\Samples\sqldmo\vb
%INSTPATH%\DevTools\Samples\sqldmo
%INSTPATH%\DevTools\Samples\sqlns\cpp\dbprop\dbprop.cpp
%INSTPATH%\DevTools\Samples\sqlns\cpp\dbprop\dbprop.dsp
%INSTPATH%\DevTools\Samples\sqlns\cpp\dbprop\dbprop.dsw
%INSTPATH%\DevTools\Samples\sqlns\cpp\dbprop
%INSTPATH%\DevTools\Samples\sqlns\cpp\dumptree\dumptree.cpp
%INSTPATH%\DevTools\Samples\sqlns\cpp\dumptree\dumptree.dsp
%INSTPATH%\DevTools\Samples\sqlns\cpp\dumptree\dumptree.dsw
%INSTPATH%\DevTools\Samples\sqlns\cpp\dumptree
%INSTPATH%\DevTools\Samples\sqlns\cpp
%INSTPATH%\DevTools\Samples\sqlns\vb\dbprop\dbprop.frm
%INSTPATH%\DevTools\Samples\sqlns\vb\dbprop\dbprop.vbp
%INSTPATH%\DevTools\Samples\sqlns\vb\dbprop\dbprop.vbw
%INSTPATH%\DevTools\Samples\sqlns\vb\dbprop
%INSTPATH%\DevTools\Samples\sqlns\vb\browse\about.frm
%INSTPATH%\DevTools\Samples\sqlns\vb\browse\browse.frm
%INSTPATH%\DevTools\Samples\sqlns\vb\browse\browse.vbp
%INSTPATH%\DevTools\Samples\sqlns\vb\browse\browse.vbw
%INSTPATH%\DevTools\Samples\sqlns\vb\browse\edit.frm
%INSTPATH%\DevTools\Samples\sqlns\vb\browse\sqlns.bas
%INSTPATH%\DevTools\Samples\sqlns\vb\browse
%INSTPATH%\DevTools\Samples\sqlns\vb
%INSTPATH%\DevTools\Samples\sqlns
%INSTPATH%\DevTools\Samples
%INSTPATH%\DevTools
%INSTPATH%\Books\sqlbol.chm
%INSTPATH%\Books
%INSTPATH%\Binn\xfragent.exe
%INSTPATH%\Binn\wiztrace.exe
%INSTPATH%\Binn\ums.dbg
%INSTPATH%\Binn\tracewiz.dll
%INSTPATH%\Binn\svrnetcn.hlp
%INSTPATH%\Binn\svrnetcn.exe
%INSTPATH%\Binn\stardds.dll
%INSTPATH%\Binn\sqlwid.dll
%INSTPATH%\Binn\sqlvdis.dll
%INSTPATH%\Binn\sqlvdi.dll
%INSTPATH%\Binn\sqltrace.map
%INSTPATH%\Binn\sqltrace.exe
%INSTPATH%\Binn\sqltrace.dll
%INSTPATH%\Binn\sqlswa.dll
%INSTPATH%\Binn\sqlsrs.dll
%INSTPATH%\Binn\sqlservr.dbg
%INSTPATH%\Binn\sqlqry.dll
%INSTPATH%\Binn\sqlpfe70.dll
%INSTPATH%\Binn\sqlns.dll
%INSTPATH%\Binn\sqlmmc.dll
%INSTPATH%\Binn\sqlmangr.exe
%INSTPATH%\Binn\sqllex.dll
%INSTPATH%\Binn\sqlgui.dll
%INSTPATH%\Binn\sqlftwiz.exe
%INSTPATH%\Binn\sqlftwiz.dll
%INSTPATH%\Binn\sqldts.hlp
%INSTPATH%\Binn\sqldts.cnt
%INSTPATH%\Binn\sqldmo.hlp
%INSTPATH%\Binn\sqldmo.dll
%INSTPATH%\Binn\sqldmo.cnt
%INSTPATH%\Binn\sqlctrs.pmc
%INSTPATH%\Binn\sqlctr.ini
%INSTPATH%\Binn\sqlctr.h
%INSTPATH%\Binn\SQL Server Enterprise Manager.MSC
%INSTPATH%\Binn\spresolv.dll
%INSTPATH%\Binn\snapshot.exe
%INSTPATH%\Binn\sfc.dll
%INSTPATH%\Binn\semwiz.dll
%INSTPATH%\Binn\semwebwz.dll
%INSTPATH%\Binn\semsys.dll
%INSTPATH%\Binn\semrepl.dll
%INSTPATH%\Binn\semobj.dll
%INSTPATH%\Binn\semexec.dll
%INSTPATH%\Binn\semdll.dll
%INSTPATH%\Binn\semcros.dll
%INSTPATH%\Binn\semcomn.dll
%INSTPATH%\Binn\scm.exe
%INSTPATH%\Binn\Resources\1033\tracewiz.rll
%INSTPATH%\Binn\Resources\1033\sqlqry.rll
%INSTPATH%\Binn\Resources\1033\sqlns.rll
%INSTPATH%\Binn\Resources\1033\sqlmmc.rll
%INSTPATH%\Binn\Resources\1033\sqlgui.rll
%INSTPATH%\Binn\Resources\1033\sqlftwiz.rll
%INSTPATH%\Binn\Resources\1033\sqldmo.rll
%INSTPATH%\Binn\Resources\1033\sfc.rll
%INSTPATH%\Binn\Resources\1033\semwiz.rll
%INSTPATH%\Binn\Resources\1033\semwebwz.rll
%INSTPATH%\Binn\Resources\1033\semsys.rll
%INSTPATH%\Binn\Resources\1033\semrepl.rll
%INSTPATH%\Binn\Resources\1033\semobj.rll
%INSTPATH%\Binn\Resources\1033\semexec.rll
%INSTPATH%\Binn\Resources\1033\semdll.rll
%INSTPATH%\Binn\Resources\1033\semcros.rll
%INSTPATH%\Binn\Resources\1033\semcomn.rll
%INSTPATH%\Binn\Resources\1033\isqlw.rll
%INSTPATH%\Binn\Resources\1033\dtswiz.rll
%INSTPATH%\Binn\Resources\1033\dtsui.rll
%INSTPATH%\Binn\Resources\1033\dtsrun.rll
%INSTPATH%\Binn\Resources\1033\dtspump.rll
%INSTPATH%\Binn\Resources\1033\dtspkg.rll
%INSTPATH%\Binn\Resources\1033\dtsffile.rll
%INSTPATH%\Binn\Resources\1033\axscphst.rll
%INSTPATH%\Binn\Resources\1033\autowiz.rll
%INSTPATH%\Binn\replsync.dll
%INSTPATH%\Binn\replmon.pmc
%INSTPATH%\Binn\replmerg.exe
%INSTPATH%\Binn\repldp.dll
%INSTPATH%\Binn\repldist.dll
%INSTPATH%\Binn\replagnt.dll
%INSTPATH%\Binn\readpipe.exe
%INSTPATH%\Binn\psdcscm.dll
%INSTPATH%\Binn\osql.exe
%INSTPATH%\Binn\opends60.dbg
%INSTPATH%\Binn\odbcping.exe
%INSTPATH%\Binn\odbccmpt.exe
%INSTPATH%\Binn\mspdb50.dll
%INSTPATH%\Binn\makepipe.exe
%INSTPATH%\Binn\logread.exe
%INSTPATH%\Binn\langinst.exe
%INSTPATH%\Binn\isqlw.exe
%INSTPATH%\Binn\isql.exe
%INSTPATH%\Binn\impprov.dll
%INSTPATH%\Binn\helpsql.hlp
%INSTPATH%\Binn\helpsql.cnt
%INSTPATH%\Binn\dtswiz.exe
%INSTPATH%\Binn\dtswiz.dll
%INSTPATH%\Binn\dtsui.dll
%INSTPATH%\Binn\dtsrun.exe
%INSTPATH%\Binn\dtspump.dll
%INSTPATH%\Binn\dtspkg.dll
%INSTPATH%\Binn\dtsffile.dll
%INSTPATH%\Binn\distrib.exe
%INSTPATH%\Binn\dcomscm.exe
%INSTPATH%\Binn\ce_clnt.dll
%INSTPATH%\Binn\bcp.exe
%INSTPATH%\Binn\axscphst.dll
%INSTPATH%\Binn\autowiz.dll
%INSTPATH%\Binn\autoplt.dll


[RegKeys]
SOFTWARE\Microsoft\Microsoft SQL Server 7.0
%INSTKEYS%\SQL Service Manager
SOFTWARE\Microsoft\Windows\CurrentVersion\Uninstall\Microsoft SQL Server 7.0
SOFTWARE\Microsoft\MSSQLServer\ClientSetup
SOFTWARE\Microsoft\MSSQLServer\SQLEW

