[Files]
%PROGGRP%\SQL Server Tools\Query Analyzer.lnk
%PROGGRP%\SQL Server Tools\クエリ アナライザ.lnk
%PROGGRP%\SQL Server Tools\Profiler.lnk
%PROGGRP%\SQL Server Tools\プロファイラ.lnk
%PROGGRP%\SQL Server Tools\Configure SQL XML Support in IIS.lnk
%PROGGRP%\SQL Server Tools\Import and Export Data.lnk
%PROGGRP%\SQL Server Tools\データのインポートとエクスポート.lnk
%PROGGRP%\SQL Server Tools\Daten importieren und exportieren.lnk
%PROGGRP%\SQL Server Tools\Enterprise Manager.lnk
%PROGGRP%\SQL Server Tools\Client Network Utility.lnk
%PROGGRP%\SQL Server Tools\クライアント ネットワーク ユーティリティ.lnk
%PROGGRP%\SQL Server Tools\Books Online.lnk
%PROGGRP%\SQL Server Tools\Onlinedokumentation.lnk
%PROGGRP%\SQL Server Tools\Service Manager.lnk
%PROGGRP%\SQL Server Tools\サービス マネージャ.lnk
%PROGGRP%\SQL Server Tools\Dienst-Manager.lnk
%PROGGRP%\SQL Server Tools\Server Network Utility.lnk
%PROGGRP%\SQL Server Tools\サーバー ネットワーク ユーティリティ.lnk
%PROGGRP%\SQL Server Tools\SQL Server-Netzwerkkonfiguration.lnk
%PROGGRP%\SQL Server Tools
%PROGGRP%\SQL Server Tools\Query Analyzer.lnk
%PROGGRP%\SQL Server Tools\クエリ アナライザ.lnk
%PROGGRP%\SQL Server Tools\Profiler.lnk
%PROGGRP%\SQL Server Tools\プロファイラ.lnk
%PROGGRP%\SQL Server Tools\Configure SQL XML Support in IIS.lnk
%PROGGRP%\SQL Server Tools\Import and Export Data.lnk
%PROGGRP%\SQL Server Tools\データのインポートとエクスポート.lnk
%PROGGRP%\SQL Server Tools\Daten importieren und exportieren.lnk
%PROGGRP%\SQL Server Tools\Enterprise Manager.lnk
%PROGGRP%\SQL Server Tools\Client Network Utility.lnk
%PROGGRP%\SQL Server Tools\クライアント ネットワーク ユーティリティ.lnk
%PROGGRP%\SQL Server Tools\Books Online.lnk
%PROGGRP%\SQL Server Tools\Onlinedokumentation.lnk
%PROGGRP%\SQL Server Tools\Service Manager.lnk
%PROGGRP%\SQL Server Tools\サービス マネージャ.lnk
%PROGGRP%\SQL Server Tools\Dienst-Manager.lnk
%PROGGRP%\SQL Server Tools\Server Network Utility.lnk
%PROGGRP%\SQL Server Tools\サーバー ネットワーク ユーティリティ.lnk
%PROGGRP%\SQL Server Tools\SQL Server-Netzwerkkonfiguration.lnk
%PROGGRP%\SQL Server Tools




